// Jest Snapshot v1, https://goo.gl/fbAQLP

exports[`renders without crashing renders the UI as expected 1`] = `
<div>
  <section>
    <nav>
      <ul
        className="direct"
      >
        <li>
          <a
            className="color-font"
            href="/"
            onClick={[Function]}
          >
            Home
          </a>
        </li>
        
        
        <li>
          <a
            className="color-font"
            href="/login"
            onClick={[Function]}
          >
            Login
          </a>
        </li>
        <li>
          <a
            className="color-font"
            href="/register"
            onClick={[Function]}
          >
            Register
          </a>
        </li>
      </ul>
    </nav>
    <div
      className="center"
    >
      <h1
        className="acnh-title"
      >
        ACNH: Museum Donation Tracker
      </h1>
    </div>
  </section>
  <section
    className="centered backdrop"
  >
    <div>
      <h2>
        Welcome to Animal Crossing New Horizons: Museum Donation Tracker
      </h2>
    </div>
    <div
      className="para"
    >
      <p>
        Please register or login to view contents.
      </p>
      <p>
        Registered users may keep track of all donated items to their museum by adding Fish, Fossils, Bugs and view them per category.
      </p>
      <p>
        Demo user:
      </p>
      <p>
        username: demouser
      </p>
      <p>
        password: 123456!Du
      </p>
    </div>
  </section>
</div>
`;
